// Vitest Snapshot v1, https://vitest.dev/guide/snapshot.html

exports[`render settings team 1`] = `
[
  <div
    class="flex max-w-[10rem] items-center"
    data-testid="team-table-name-column"
  >
    <div
      class="flex flex-none items-center"
    >
      <div
        class="inline-block overflow-hidden rounded-full"
      >
        <img
          class="size-6"
          src="https://assets.stori.press/storipress/storipress-helper-user-avatar.webp"
        />
      </div>
    </div>
    <span
      class="ml-3 truncate text-stone-800"
    >
      Storipress Helper
    </span>
  </div>,
  <div
    class="flex max-w-[10rem] items-center"
    data-testid="team-table-name-column"
  >
    <div
      class="flex flex-none items-center"
    >
      <div
        class="inline-block overflow-hidden rounded-full"
      >
        <img
          class="size-6"
          src="https://assets.stori.press/D6RX98VXN/avatars/01FZA2S6JVC6FPQY6X6FNR7TG6.jpg"
        />
      </div>
    </div>
    <span
      class="ml-3 truncate text-stone-800"
    >
      Michae Jackson
    </span>
  </div>,
  <div
    class="flex max-w-[10rem] items-center"
    data-testid="team-table-name-column"
  >
    <div
      class="flex flex-none items-center"
    >
      <div
        class="inline-block overflow-hidden rounded-full"
      >
        <img
          class="size-6"
          src="https://avatars.dicebear.com/api/croodles-neutral/Test Testerson.svg?b=%23F0F0F0"
        />
      </div>
    </div>
    <span
      class="ml-3 truncate text-stone-800"
    >
      Test Testerson
    </span>
  </div>,
  <div
    class="flex max-w-[10rem] items-center"
    data-testid="team-table-name-column"
  >
    <div
      class="flex flex-none items-center"
    >
      <div
        class="inline-block overflow-hidden rounded-full"
      >
        <img
          class="size-6"
          src="https://avatars.dicebear.com/api/croodles-neutral/Gary Chu.svg?b=%23F0F0F0"
        />
      </div>
    </div>
    <span
      class="ml-3 truncate text-stone-800"
    >
      Gary Chu
    </span>
  </div>,
  <div
    class="flex max-w-[10rem] items-center"
    data-testid="team-table-name-column"
  >
    <div
      class="flex flex-none items-center"
    >
      <div
        class="inline-block overflow-hidden rounded-full"
      >
        <img
          class="size-6"
          src="https://avatars.dicebear.com/api/croodles-neutral/Google Pie.svg?b=%23F0F0F0"
        />
      </div>
    </div>
    <span
      class="ml-3 truncate text-stone-800"
    >
      Google Pie
    </span>
  </div>,
  <div
    class="flex max-w-[10rem] items-center"
    data-testid="team-table-name-column"
  >
    <div
      class="flex flex-none items-center"
    >
      <div
        class="inline-block overflow-hidden rounded-full"
      >
        <img
          class="size-6"
          src="https://avatars.dicebear.com/api/croodles-neutral/David Peng.svg?b=%23F0F0F0"
        />
      </div>
    </div>
    <span
      class="ml-3 truncate text-stone-800"
    >
      David Peng
    </span>
  </div>,
  <div
    class="flex max-w-[10rem] items-center"
    data-testid="team-table-name-column"
  >
    <div
      class="flex flex-none items-center"
    >
      <div
        class="inline-block overflow-hidden rounded-full"
      >
        <img
          class="size-6"
          src="https://assets.stori.press/D6RX98VXN/avatars/01FYE29VBFJ0Z4MWWTYC6NBAF0.gif"
        />
      </div>
    </div>
    <span
      class="ml-3 truncate text-stone-800"
    >
      Ariel Lin
    </span>
  </div>,
  <div
    class="flex max-w-[10rem] items-center"
    data-testid="team-table-name-column"
  >
    <div
      class="flex flex-none items-center"
    >
      <div
        class="inline-block overflow-hidden rounded-full"
      >
        <img
          class="size-6"
          src="https://avatars.dicebear.com/api/croodles-neutral/Harvey Liu.svg?b=%23F0F0F0"
        />
      </div>
    </div>
    <span
      class="ml-3 truncate text-stone-800"
    >
      Harvey Liu
    </span>
  </div>,
  <div
    class="flex max-w-[10rem] items-center"
    data-testid="team-table-name-column"
  >
    <div
      class="flex flex-none items-center"
    >
      <div
        class="inline-block overflow-hidden rounded-full"
      >
        <img
          class="size-6"
          src="https://avatars.dicebear.com/api/croodles-neutral/harvey author.svg?b=%23F0F0F0"
        />
      </div>
    </div>
    <span
      class="ml-3 truncate text-stone-800"
    >
      harvey author
    </span>
  </div>,
  <div
    class="flex max-w-[10rem] items-center"
    data-testid="team-table-name-column"
  >
    <div
      class="flex flex-none items-center"
    >
      <div
        class="inline-block overflow-hidden rounded-full"
      >
        <img
          class="size-6"
          src="https://avatars.dicebear.com/api/croodles-neutral/harvey contributor.svg?b=%23F0F0F0"
        />
      </div>
    </div>
    <span
      class="ml-3 truncate text-stone-800"
    >
      harvey contributor
    </span>
  </div>,
  <div
    class="flex max-w-[10rem] items-center"
    data-testid="team-table-name-column"
  >
    <div
      class="size-6 flex-none rounded-full border border-stone-900/10 bg-black/25"
    />
    <span
      class="ml-3 truncate text-stone-800"
    >
      ariel+01@storipress.com
    </span>
  </div>,
]
`;

exports[`sort settings team > sort by desks 1`] = `
[
  <div
    class="flex max-w-[10rem] items-center"
    data-testid="team-table-name-column"
  >
    <div
      class="flex flex-none items-center"
    >
      <div
        class="inline-block overflow-hidden rounded-full"
      >
        <img
          class="size-6"
          src="https://assets.stori.press/D6RX98VXN/avatars/01FZA2S6JVC6FPQY6X6FNR7TG6.jpg"
        />
      </div>
    </div>
    <span
      class="ml-3 truncate text-stone-800"
    >
      Michae Jackson
    </span>
  </div>,
  <div
    class="flex max-w-[10rem] items-center"
    data-testid="team-table-name-column"
  >
    <div
      class="flex flex-none items-center"
    >
      <div
        class="inline-block overflow-hidden rounded-full"
      >
        <img
          class="size-6"
          src="https://assets.stori.press/D6RX98VXN/avatars/01FYE29VBFJ0Z4MWWTYC6NBAF0.gif"
        />
      </div>
    </div>
    <span
      class="ml-3 truncate text-stone-800"
    >
      Ariel Lin
    </span>
  </div>,
  <div
    class="flex max-w-[10rem] items-center"
    data-testid="team-table-name-column"
  >
    <div
      class="flex flex-none items-center"
    >
      <div
        class="inline-block overflow-hidden rounded-full"
      >
        <img
          class="size-6"
          src="https://avatars.dicebear.com/api/croodles-neutral/harvey author.svg?b=%23F0F0F0"
        />
      </div>
    </div>
    <span
      class="ml-3 truncate text-stone-800"
    >
      harvey author
    </span>
  </div>,
  <div
    class="flex max-w-[10rem] items-center"
    data-testid="team-table-name-column"
  >
    <div
      class="size-6 flex-none rounded-full border border-stone-900/10 bg-black/25"
    />
    <span
      class="ml-3 truncate text-stone-800"
    >
      ariel+01@storipress.com
    </span>
  </div>,
  <div
    class="flex max-w-[10rem] items-center"
    data-testid="team-table-name-column"
  >
    <div
      class="flex flex-none items-center"
    >
      <div
        class="inline-block overflow-hidden rounded-full"
      >
        <img
          class="size-6"
          src="https://avatars.dicebear.com/api/croodles-neutral/Test Testerson.svg?b=%23F0F0F0"
        />
      </div>
    </div>
    <span
      class="ml-3 truncate text-stone-800"
    >
      Test Testerson
    </span>
  </div>,
  <div
    class="flex max-w-[10rem] items-center"
    data-testid="team-table-name-column"
  >
    <div
      class="flex flex-none items-center"
    >
      <div
        class="inline-block overflow-hidden rounded-full"
      >
        <img
          class="size-6"
          src="https://avatars.dicebear.com/api/croodles-neutral/Gary Chu.svg?b=%23F0F0F0"
        />
      </div>
    </div>
    <span
      class="ml-3 truncate text-stone-800"
    >
      Gary Chu
    </span>
  </div>,
  <div
    class="flex max-w-[10rem] items-center"
    data-testid="team-table-name-column"
  >
    <div
      class="flex flex-none items-center"
    >
      <div
        class="inline-block overflow-hidden rounded-full"
      >
        <img
          class="size-6"
          src="https://avatars.dicebear.com/api/croodles-neutral/Google Pie.svg?b=%23F0F0F0"
        />
      </div>
    </div>
    <span
      class="ml-3 truncate text-stone-800"
    >
      Google Pie
    </span>
  </div>,
  <div
    class="flex max-w-[10rem] items-center"
    data-testid="team-table-name-column"
  >
    <div
      class="flex flex-none items-center"
    >
      <div
        class="inline-block overflow-hidden rounded-full"
      >
        <img
          class="size-6"
          src="https://avatars.dicebear.com/api/croodles-neutral/harvey contributor.svg?b=%23F0F0F0"
        />
      </div>
    </div>
    <span
      class="ml-3 truncate text-stone-800"
    >
      harvey contributor
    </span>
  </div>,
  <div
    class="flex max-w-[10rem] items-center"
    data-testid="team-table-name-column"
  >
    <div
      class="flex flex-none items-center"
    >
      <div
        class="inline-block overflow-hidden rounded-full"
      >
        <img
          class="size-6"
          src="https://assets.stori.press/storipress/storipress-helper-user-avatar.webp"
        />
      </div>
    </div>
    <span
      class="ml-3 truncate text-stone-800"
    >
      Storipress Helper
    </span>
  </div>,
  <div
    class="flex max-w-[10rem] items-center"
    data-testid="team-table-name-column"
  >
    <div
      class="flex flex-none items-center"
    >
      <div
        class="inline-block overflow-hidden rounded-full"
      >
        <img
          class="size-6"
          src="https://avatars.dicebear.com/api/croodles-neutral/David Peng.svg?b=%23F0F0F0"
        />
      </div>
    </div>
    <span
      class="ml-3 truncate text-stone-800"
    >
      David Peng
    </span>
  </div>,
  <div
    class="flex max-w-[10rem] items-center"
    data-testid="team-table-name-column"
  >
    <div
      class="flex flex-none items-center"
    >
      <div
        class="inline-block overflow-hidden rounded-full"
      >
        <img
          class="size-6"
          src="https://avatars.dicebear.com/api/croodles-neutral/Harvey Liu.svg?b=%23F0F0F0"
        />
      </div>
    </div>
    <span
      class="ml-3 truncate text-stone-800"
    >
      Harvey Liu
    </span>
  </div>,
]
`;

exports[`sort settings team > sort by name 1`] = `
[
  <div
    class="flex max-w-[10rem] items-center"
    data-testid="team-table-name-column"
  >
    <div
      class="flex flex-none items-center"
    >
      <div
        class="inline-block overflow-hidden rounded-full"
      >
        <img
          class="size-6"
          src="https://assets.stori.press/D6RX98VXN/avatars/01FYE29VBFJ0Z4MWWTYC6NBAF0.gif"
        />
      </div>
    </div>
    <span
      class="ml-3 truncate text-stone-800"
    >
      Ariel Lin
    </span>
  </div>,
  <div
    class="flex max-w-[10rem] items-center"
    data-testid="team-table-name-column"
  >
    <div
      class="size-6 flex-none rounded-full border border-stone-900/10 bg-black/25"
    />
    <span
      class="ml-3 truncate text-stone-800"
    >
      ariel+01@storipress.com
    </span>
  </div>,
  <div
    class="flex max-w-[10rem] items-center"
    data-testid="team-table-name-column"
  >
    <div
      class="flex flex-none items-center"
    >
      <div
        class="inline-block overflow-hidden rounded-full"
      >
        <img
          class="size-6"
          src="https://avatars.dicebear.com/api/croodles-neutral/David Peng.svg?b=%23F0F0F0"
        />
      </div>
    </div>
    <span
      class="ml-3 truncate text-stone-800"
    >
      David Peng
    </span>
  </div>,
  <div
    class="flex max-w-[10rem] items-center"
    data-testid="team-table-name-column"
  >
    <div
      class="flex flex-none items-center"
    >
      <div
        class="inline-block overflow-hidden rounded-full"
      >
        <img
          class="size-6"
          src="https://avatars.dicebear.com/api/croodles-neutral/Gary Chu.svg?b=%23F0F0F0"
        />
      </div>
    </div>
    <span
      class="ml-3 truncate text-stone-800"
    >
      Gary Chu
    </span>
  </div>,
  <div
    class="flex max-w-[10rem] items-center"
    data-testid="team-table-name-column"
  >
    <div
      class="flex flex-none items-center"
    >
      <div
        class="inline-block overflow-hidden rounded-full"
      >
        <img
          class="size-6"
          src="https://avatars.dicebear.com/api/croodles-neutral/Google Pie.svg?b=%23F0F0F0"
        />
      </div>
    </div>
    <span
      class="ml-3 truncate text-stone-800"
    >
      Google Pie
    </span>
  </div>,
  <div
    class="flex max-w-[10rem] items-center"
    data-testid="team-table-name-column"
  >
    <div
      class="flex flex-none items-center"
    >
      <div
        class="inline-block overflow-hidden rounded-full"
      >
        <img
          class="size-6"
          src="https://avatars.dicebear.com/api/croodles-neutral/harvey author.svg?b=%23F0F0F0"
        />
      </div>
    </div>
    <span
      class="ml-3 truncate text-stone-800"
    >
      harvey author
    </span>
  </div>,
  <div
    class="flex max-w-[10rem] items-center"
    data-testid="team-table-name-column"
  >
    <div
      class="flex flex-none items-center"
    >
      <div
        class="inline-block overflow-hidden rounded-full"
      >
        <img
          class="size-6"
          src="https://avatars.dicebear.com/api/croodles-neutral/harvey contributor.svg?b=%23F0F0F0"
        />
      </div>
    </div>
    <span
      class="ml-3 truncate text-stone-800"
    >
      harvey contributor
    </span>
  </div>,
  <div
    class="flex max-w-[10rem] items-center"
    data-testid="team-table-name-column"
  >
    <div
      class="flex flex-none items-center"
    >
      <div
        class="inline-block overflow-hidden rounded-full"
      >
        <img
          class="size-6"
          src="https://avatars.dicebear.com/api/croodles-neutral/Harvey Liu.svg?b=%23F0F0F0"
        />
      </div>
    </div>
    <span
      class="ml-3 truncate text-stone-800"
    >
      Harvey Liu
    </span>
  </div>,
  <div
    class="flex max-w-[10rem] items-center"
    data-testid="team-table-name-column"
  >
    <div
      class="flex flex-none items-center"
    >
      <div
        class="inline-block overflow-hidden rounded-full"
      >
        <img
          class="size-6"
          src="https://assets.stori.press/D6RX98VXN/avatars/01FZA2S6JVC6FPQY6X6FNR7TG6.jpg"
        />
      </div>
    </div>
    <span
      class="ml-3 truncate text-stone-800"
    >
      Michae Jackson
    </span>
  </div>,
  <div
    class="flex max-w-[10rem] items-center"
    data-testid="team-table-name-column"
  >
    <div
      class="flex flex-none items-center"
    >
      <div
        class="inline-block overflow-hidden rounded-full"
      >
        <img
          class="size-6"
          src="https://assets.stori.press/storipress/storipress-helper-user-avatar.webp"
        />
      </div>
    </div>
    <span
      class="ml-3 truncate text-stone-800"
    >
      Storipress Helper
    </span>
  </div>,
  <div
    class="flex max-w-[10rem] items-center"
    data-testid="team-table-name-column"
  >
    <div
      class="flex flex-none items-center"
    >
      <div
        class="inline-block overflow-hidden rounded-full"
      >
        <img
          class="size-6"
          src="https://avatars.dicebear.com/api/croodles-neutral/Test Testerson.svg?b=%23F0F0F0"
        />
      </div>
    </div>
    <span
      class="ml-3 truncate text-stone-800"
    >
      Test Testerson
    </span>
  </div>,
]
`;

exports[`sort settings team > sort by role 1`] = `
[
  <div
    class="flex max-w-[10rem] items-center"
    data-testid="team-table-name-column"
  >
    <div
      class="flex flex-none items-center"
    >
      <div
        class="inline-block overflow-hidden rounded-full"
      >
        <img
          class="size-6"
          src="https://assets.stori.press/D6RX98VXN/avatars/01FZA2S6JVC6FPQY6X6FNR7TG6.jpg"
        />
      </div>
    </div>
    <span
      class="ml-3 truncate text-stone-800"
    >
      Michae Jackson
    </span>
  </div>,
  <div
    class="flex max-w-[10rem] items-center"
    data-testid="team-table-name-column"
  >
    <div
      class="flex flex-none items-center"
    >
      <div
        class="inline-block overflow-hidden rounded-full"
      >
        <img
          class="size-6"
          src="https://avatars.dicebear.com/api/croodles-neutral/Google Pie.svg?b=%23F0F0F0"
        />
      </div>
    </div>
    <span
      class="ml-3 truncate text-stone-800"
    >
      Google Pie
    </span>
  </div>,
  <div
    class="flex max-w-[10rem] items-center"
    data-testid="team-table-name-column"
  >
    <div
      class="flex flex-none items-center"
    >
      <div
        class="inline-block overflow-hidden rounded-full"
      >
        <img
          class="size-6"
          src="https://avatars.dicebear.com/api/croodles-neutral/David Peng.svg?b=%23F0F0F0"
        />
      </div>
    </div>
    <span
      class="ml-3 truncate text-stone-800"
    >
      David Peng
    </span>
  </div>,
  <div
    class="flex max-w-[10rem] items-center"
    data-testid="team-table-name-column"
  >
    <div
      class="flex flex-none items-center"
    >
      <div
        class="inline-block overflow-hidden rounded-full"
      >
        <img
          class="size-6"
          src="https://assets.stori.press/D6RX98VXN/avatars/01FYE29VBFJ0Z4MWWTYC6NBAF0.gif"
        />
      </div>
    </div>
    <span
      class="ml-3 truncate text-stone-800"
    >
      Ariel Lin
    </span>
  </div>,
  <div
    class="flex max-w-[10rem] items-center"
    data-testid="team-table-name-column"
  >
    <div
      class="flex flex-none items-center"
    >
      <div
        class="inline-block overflow-hidden rounded-full"
      >
        <img
          class="size-6"
          src="https://avatars.dicebear.com/api/croodles-neutral/Harvey Liu.svg?b=%23F0F0F0"
        />
      </div>
    </div>
    <span
      class="ml-3 truncate text-stone-800"
    >
      Harvey Liu
    </span>
  </div>,
  <div
    class="flex max-w-[10rem] items-center"
    data-testid="team-table-name-column"
  >
    <div
      class="size-6 flex-none rounded-full border border-stone-900/10 bg-black/25"
    />
    <span
      class="ml-3 truncate text-stone-800"
    >
      ariel+01@storipress.com
    </span>
  </div>,
  <div
    class="flex max-w-[10rem] items-center"
    data-testid="team-table-name-column"
  >
    <div
      class="flex flex-none items-center"
    >
      <div
        class="inline-block overflow-hidden rounded-full"
      >
        <img
          class="size-6"
          src="https://avatars.dicebear.com/api/croodles-neutral/Test Testerson.svg?b=%23F0F0F0"
        />
      </div>
    </div>
    <span
      class="ml-3 truncate text-stone-800"
    >
      Test Testerson
    </span>
  </div>,
  <div
    class="flex max-w-[10rem] items-center"
    data-testid="team-table-name-column"
  >
    <div
      class="flex flex-none items-center"
    >
      <div
        class="inline-block overflow-hidden rounded-full"
      >
        <img
          class="size-6"
          src="https://avatars.dicebear.com/api/croodles-neutral/harvey author.svg?b=%23F0F0F0"
        />
      </div>
    </div>
    <span
      class="ml-3 truncate text-stone-800"
    >
      harvey author
    </span>
  </div>,
  <div
    class="flex max-w-[10rem] items-center"
    data-testid="team-table-name-column"
  >
    <div
      class="flex flex-none items-center"
    >
      <div
        class="inline-block overflow-hidden rounded-full"
      >
        <img
          class="size-6"
          src="https://avatars.dicebear.com/api/croodles-neutral/Gary Chu.svg?b=%23F0F0F0"
        />
      </div>
    </div>
    <span
      class="ml-3 truncate text-stone-800"
    >
      Gary Chu
    </span>
  </div>,
  <div
    class="flex max-w-[10rem] items-center"
    data-testid="team-table-name-column"
  >
    <div
      class="flex flex-none items-center"
    >
      <div
        class="inline-block overflow-hidden rounded-full"
      >
        <img
          class="size-6"
          src="https://avatars.dicebear.com/api/croodles-neutral/harvey contributor.svg?b=%23F0F0F0"
        />
      </div>
    </div>
    <span
      class="ml-3 truncate text-stone-800"
    >
      harvey contributor
    </span>
  </div>,
  <div
    class="flex max-w-[10rem] items-center"
    data-testid="team-table-name-column"
  >
    <div
      class="flex flex-none items-center"
    >
      <div
        class="inline-block overflow-hidden rounded-full"
      >
        <img
          class="size-6"
          src="https://assets.stori.press/storipress/storipress-helper-user-avatar.webp"
        />
      </div>
    </div>
    <span
      class="ml-3 truncate text-stone-800"
    >
      Storipress Helper
    </span>
  </div>,
]
`;

exports[`sort settings team > sort by status 1`] = `
[
  <div
    class="flex max-w-[10rem] items-center"
    data-testid="team-table-name-column"
  >
    <div
      class="flex flex-none items-center"
    >
      <div
        class="inline-block overflow-hidden rounded-full"
      >
        <img
          class="size-6"
          src="https://assets.stori.press/D6RX98VXN/avatars/01FZA2S6JVC6FPQY6X6FNR7TG6.jpg"
        />
      </div>
    </div>
    <span
      class="ml-3 truncate text-stone-800"
    >
      Michae Jackson
    </span>
  </div>,
  <div
    class="flex max-w-[10rem] items-center"
    data-testid="team-table-name-column"
  >
    <div
      class="flex flex-none items-center"
    >
      <div
        class="inline-block overflow-hidden rounded-full"
      >
        <img
          class="size-6"
          src="https://avatars.dicebear.com/api/croodles-neutral/Test Testerson.svg?b=%23F0F0F0"
        />
      </div>
    </div>
    <span
      class="ml-3 truncate text-stone-800"
    >
      Test Testerson
    </span>
  </div>,
  <div
    class="flex max-w-[10rem] items-center"
    data-testid="team-table-name-column"
  >
    <div
      class="flex flex-none items-center"
    >
      <div
        class="inline-block overflow-hidden rounded-full"
      >
        <img
          class="size-6"
          src="https://avatars.dicebear.com/api/croodles-neutral/Gary Chu.svg?b=%23F0F0F0"
        />
      </div>
    </div>
    <span
      class="ml-3 truncate text-stone-800"
    >
      Gary Chu
    </span>
  </div>,
  <div
    class="flex max-w-[10rem] items-center"
    data-testid="team-table-name-column"
  >
    <div
      class="flex flex-none items-center"
    >
      <div
        class="inline-block overflow-hidden rounded-full"
      >
        <img
          class="size-6"
          src="https://avatars.dicebear.com/api/croodles-neutral/Google Pie.svg?b=%23F0F0F0"
        />
      </div>
    </div>
    <span
      class="ml-3 truncate text-stone-800"
    >
      Google Pie
    </span>
  </div>,
  <div
    class="flex max-w-[10rem] items-center"
    data-testid="team-table-name-column"
  >
    <div
      class="flex flex-none items-center"
    >
      <div
        class="inline-block overflow-hidden rounded-full"
      >
        <img
          class="size-6"
          src="https://avatars.dicebear.com/api/croodles-neutral/David Peng.svg?b=%23F0F0F0"
        />
      </div>
    </div>
    <span
      class="ml-3 truncate text-stone-800"
    >
      David Peng
    </span>
  </div>,
  <div
    class="flex max-w-[10rem] items-center"
    data-testid="team-table-name-column"
  >
    <div
      class="flex flex-none items-center"
    >
      <div
        class="inline-block overflow-hidden rounded-full"
      >
        <img
          class="size-6"
          src="https://assets.stori.press/D6RX98VXN/avatars/01FYE29VBFJ0Z4MWWTYC6NBAF0.gif"
        />
      </div>
    </div>
    <span
      class="ml-3 truncate text-stone-800"
    >
      Ariel Lin
    </span>
  </div>,
  <div
    class="flex max-w-[10rem] items-center"
    data-testid="team-table-name-column"
  >
    <div
      class="flex flex-none items-center"
    >
      <div
        class="inline-block overflow-hidden rounded-full"
      >
        <img
          class="size-6"
          src="https://avatars.dicebear.com/api/croodles-neutral/Harvey Liu.svg?b=%23F0F0F0"
        />
      </div>
    </div>
    <span
      class="ml-3 truncate text-stone-800"
    >
      Harvey Liu
    </span>
  </div>,
  <div
    class="flex max-w-[10rem] items-center"
    data-testid="team-table-name-column"
  >
    <div
      class="flex flex-none items-center"
    >
      <div
        class="inline-block overflow-hidden rounded-full"
      >
        <img
          class="size-6"
          src="https://avatars.dicebear.com/api/croodles-neutral/harvey author.svg?b=%23F0F0F0"
        />
      </div>
    </div>
    <span
      class="ml-3 truncate text-stone-800"
    >
      harvey author
    </span>
  </div>,
  <div
    class="flex max-w-[10rem] items-center"
    data-testid="team-table-name-column"
  >
    <div
      class="flex flex-none items-center"
    >
      <div
        class="inline-block overflow-hidden rounded-full"
      >
        <img
          class="size-6"
          src="https://avatars.dicebear.com/api/croodles-neutral/harvey contributor.svg?b=%23F0F0F0"
        />
      </div>
    </div>
    <span
      class="ml-3 truncate text-stone-800"
    >
      harvey contributor
    </span>
  </div>,
  <div
    class="flex max-w-[10rem] items-center"
    data-testid="team-table-name-column"
  >
    <div
      class="size-6 flex-none rounded-full border border-stone-900/10 bg-black/25"
    />
    <span
      class="ml-3 truncate text-stone-800"
    >
      ariel+01@storipress.com
    </span>
  </div>,
  <div
    class="flex max-w-[10rem] items-center"
    data-testid="team-table-name-column"
  >
    <div
      class="flex flex-none items-center"
    >
      <div
        class="inline-block overflow-hidden rounded-full"
      >
        <img
          class="size-6"
          src="https://assets.stori.press/storipress/storipress-helper-user-avatar.webp"
        />
      </div>
    </div>
    <span
      class="ml-3 truncate text-stone-800"
    >
      Storipress Helper
    </span>
  </div>,
]
`;
