// Vitest Snapshot v1, https://vitest.dev/guide/snapshot.html

exports[`convertCalendarToDays > convertCalendarToDays function work 1`] = `
[
  "2021-12-27",
  "2021-12-28",
  "2021-12-29",
  "2021-12-30",
  "2021-12-31",
  "2022-01-01",
  "2022-01-02",
  "2022-01-03",
  "2022-01-04",
  "2022-01-05",
  "2022-01-06",
  "2022-01-07",
  "2022-01-08",
  "2022-01-09",
  "2022-01-10",
  "2022-01-11",
  "2022-01-12",
  "2022-01-13",
  "2022-01-14",
  "2022-01-15",
  "2022-01-16",
  "2022-01-17",
  "2022-01-18",
  "2022-01-19",
  "2022-01-20",
  "2022-01-21",
  "2022-01-22",
  "2022-01-23",
  "2022-01-24",
  "2022-01-25",
  "2022-01-26",
  "2022-01-27",
  "2022-01-28",
  "2022-01-29",
  "2022-01-30",
  "2022-01-31",
  "2022-02-01",
  "2022-02-02",
  "2022-02-03",
  "2022-02-04",
  "2022-02-05",
  "2022-02-06",
]
`;

exports[`convertCalendarToDays > convertCalendarToDays function work if start at 1 1`] = `
[
  "2022-08-01",
  "2022-08-02",
  "2022-08-03",
  "2022-08-04",
  "2022-08-05",
  "2022-08-06",
  "2022-08-07",
  "2022-08-08",
  "2022-08-09",
  "2022-08-10",
  "2022-08-11",
  "2022-08-12",
  "2022-08-13",
  "2022-08-14",
  "2022-08-15",
  "2022-08-16",
  "2022-08-17",
  "2022-08-18",
  "2022-08-19",
  "2022-08-20",
  "2022-08-21",
  "2022-08-22",
  "2022-08-23",
  "2022-08-24",
  "2022-08-25",
  "2022-08-26",
  "2022-08-27",
  "2022-08-28",
  "2022-08-29",
  "2022-08-30",
  "2022-08-31",
  "2022-09-01",
  "2022-09-02",
  "2022-09-03",
  "2022-09-04",
]
`;
