// Vitest Snapshot v1, https://vitest.dev/guide/snapshot.html

exports[`embed-editor > purify > when stanitize == true > purify allow everything 1`] = `"<div class="some-class"></div><iframe></iframe><script></script>"`;
